2026-09-05T20:43:56+02:00
Running ./cmake-build-release/hyriseMicroBenchmarks
Run on (120 X 3100 MHz CPU s)
CPU Caches:
  L1 Data 32 KiB (x60)
  L1 Instruction 32 KiB (x60)
  L2 Unified 256 KiB (x60)
  L3 Unified 38400 KiB (x4)
Load Average: 0.63, 0.95, 1.08
***WARNING*** CPU scaling is enabled, the benchmark real time measurements may be noisy and will incur extra overhead.
2026-09-05T20:44:31+02:00
Running ./cmake-build-release/hyriseMicroBenchmarks
Run on (120 X 3100 MHz CPU s)
CPU Caches:
  L1 Data 32 KiB (x60)
  L1 Instruction 32 KiB (x60)
  L2 Unified 256 KiB (x60)
  L3 Unified 38400 KiB (x4)
Load Average: 0.45, 0.88, 1.05
***WARNING*** CPU scaling is enabled, the benchmark real time measurements may be noisy and will incur extra overhead.
[sort_benchmark] scheduler topology reports 30 CPUs -- confirm this matches the numactl binding.
